// Jest Snapshot v1, https://goo.gl/fbAQLP

exports[`Message test Should render a Message correctly 1`] = `
<div
  className="alerta Alert"
>
  Hello
</div>
`;
